main.c:191:6:readIICEEPROM_2402C	24	static
main.c:195:6:writeIICEEPROM_2402C	32	static
main.c:239:5:main	104	static,ignoring_inline_asm
main.c:443:6:SystemClock_Config	232	static
main.c:505:13:MX_I2C1_Init	8	static
main.c:551:13:MX_I2C2_Init	8	static
main.c:597:13:MX_IWDG_Init	8	static
main.c:626:13:MX_SPI1_Init	8	static
main.c:666:13:MX_USART6_UART_Init	8	static
main.c:699:13:MX_DMA_Init	16	static
main.c:727:13:MX_GPIO_Init	48	static
main.c:771:6:HAL_GPIO_EXTI_Callback	24	static,ignoring_inline_asm
main.c:805:6:HAL_UART_RxCpltCallback	24	static
main.c:851:6:ADC_Thread	24	static
main.c:941:6:FFT_Thread	24	static
main.c:1028:6:Error_Handler	4	static
